../Middlewares/ST/touchgfx/framework/include/touchgfx/hal/HAL.hpp:110:17:static touchgfx::HAL* touchgfx::HAL::getInstance()	8	static
../TouchGFX/target/generated/OSWrappers.cpp:34:6:static void touchgfx::OSWrappers::initialize()	8	static
../TouchGFX/target/generated/OSWrappers.cpp:43:6:static void touchgfx::OSWrappers::takeFrameBufferSemaphore()	8	static
../TouchGFX/target/generated/OSWrappers.cpp:52:6:static void touchgfx::OSWrappers::giveFrameBufferSemaphore()	8	static
../TouchGFX/target/generated/OSWrappers.cpp:64:6:static void touchgfx::OSWrappers::tryTakeFrameBufferSemaphore()	8	static
../TouchGFX/target/generated/OSWrappers.cpp:76:6:static void touchgfx::OSWrappers::giveFrameBufferSemaphoreFromISR()	8	static
../TouchGFX/target/generated/OSWrappers.cpp:87:6:static void touchgfx::OSWrappers::signalVSync()	8	static
../TouchGFX/target/generated/OSWrappers.cpp:96:6:static void touchgfx::OSWrappers::signalRenderingDone()	8	static
../TouchGFX/target/generated/OSWrappers.cpp:110:6:static bool touchgfx::OSWrappers::isVSyncAvailable()	8	static
../TouchGFX/target/generated/OSWrappers.cpp:119:6:static void touchgfx::OSWrappers::waitForVSync()	8	static
../TouchGFX/target/generated/OSWrappers.cpp:141:6:static void touchgfx::OSWrappers::taskDelay(uint16_t)	16	static
../TouchGFX/target/generated/OSWrappers.cpp:156:6:static void touchgfx::OSWrappers::taskYield()	8	static
