../Core/Src/main.c:89:5:main	8	static
../Core/Src/main.c:146:6:SystemClock_Config	96	static
../Core/Src/main.c:193:13:MX_CRC_Init	8	static
../Core/Src/main.c:224:13:MX_I2C2_Init	8	static
../Core/Src/main.c:272:13:MX_SPI1_Init	8	static
../Core/Src/main.c:312:13:MX_SPI2_Init	8	static
../Core/Src/main.c:352:13:MX_TIM2_Init	40	static
../Core/Src/main.c:397:13:MX_USART2_UART_Init	8	static
../Core/Src/main.c:443:13:MX_DMA_Init	16	static
../Core/Src/main.c:464:13:MX_GPIO_Init	56	static
../Core/Src/main.c:550:6:Error_Handler	8	static,ignoring_inline_asm
