../Middlewares/ST/touchgfx/framework/include/platform/driver/button/ButtonController.hpp:30:13:touchgfx::ButtonController::~ButtonController()	16	static
../Middlewares/ST/touchgfx/framework/include/platform/driver/button/ButtonController.hpp:30:13:virtual touchgfx::ButtonController::~ButtonController()	16	static
../Middlewares/ST/touchgfx/framework/include/platform/driver/button/ButtonController.hpp:48:18:virtual void touchgfx::ButtonController::reset()	16	static
../Middlewares/ST/touchgfx/framework/include/touchgfx/hal/HAL.hpp:110:17:static touchgfx::HAL* touchgfx::HAL::getInstance()	8	static
../Middlewares/ST/touchgfx/framework/include/touchgfx/hal/HAL.hpp:136:24:touchgfx::DisplayOrientation touchgfx::HAL::getDisplayOrientation() const	16	static
../Core/Src/MB1642BButtonController.cpp:5:6:virtual void MB1642AButtonController::init()	16	static
../Core/Src/MB1642BButtonController.cpp:10:6:virtual bool MB1642AButtonController::sample(uint8_t&)	32	static
../Core/Src/MB1642BButtonController.cpp:26:9:uint8_t MB1642AButtonController::MB1642KeyState()	32	static
../Core/Inc/MB1642BButtonController.hpp:6:7:MB1642AButtonController::~MB1642AButtonController()	16	static
../Core/Inc/MB1642BButtonController.hpp:6:7:virtual MB1642AButtonController::~MB1642AButtonController()	16	static
